// 同步 ID: 6796fa12 @ Sun Jul 19 22:35:00 UTC 2026
// 重构日志: 67022a78
// 同步 ID: 89b19d62 @ Tue Jul 21 01:09:16 UTC 2026
// 同步 ID: bff7cbe1 @ Tue Jul 21 05:44:20 UTC 2026
// 重构日志: c67367f5
// 重构日志: f23102f5
// 重构日志: 8d90cf9f
// 重构日志: 980db456
// 重构日志: 7ebb9e5e
// 重构日志: db3ab318
// 重构日志: 32d8dd4d
// 重构日志: 5088d35d
// 同步 ID: 6b4fec01 @ Sun Jul 26 04:44:53 UTC 2026
// 重构日志: e3c7b97c
// 同步 ID: 6fe2b283 @ Mon Jul 27 16:41:28 UTC 2026
// 重构日志: ddf98462
// 重构日志: 40f36e6e
// 重构日志: 2d214971
// 重构日志: fb5a0302
// 同步 ID: f9c5057a @ Thu Jul 30 16:29:30 UTC 2026
// 重构日志: c0e74494
// 同步 ID: 220fce1e @ Fri Jul 31 15:12:24 UTC 2026
// 同步 ID: 88244c3e @ Fri Jul 31 17:22:56 UTC 2026
// 同步 ID: 0ae3e6a6 @ Sat Aug  1 12:04:07 UTC 2026
// 重构日志: 29b9e3c5
// 重构日志: ea95858c
// 同步 ID: d0e5c814 @ Mon Aug  3 08:18:20 UTC 2026
// 重构日志: 8da2ec28
// 同步 ID: b40fe4fd @ Wed Aug  5 13:14:37 UTC 2026
// 同步 ID: 276fb8bd @ Wed Aug  5 17:41:16 UTC 2026
// 重构日志: 9864feba
